/blog/linux-conference-discounts/ /2007/05/02/linux-conference-discounts/;
/blog/weekly-reading-list-for-2114/ /2014/02/01/weekly-reading-list-for-2114/;
/blog/def-con-22-recap/ /2014/08/13/def-con-22-recap/;
/blog/android-development-on-ubuntu-1004/ /2010/06/15/android-development-on-ubuntu-1004/;
/blog/i-did-it-for-the-data/ /2011/09/28/i-did-it-for-the-data/;
/blog/windows-guy-tries-ubuntu-704/ /2007/07/17/windows-guy-tries-ubuntu-704/;
/blog/hello-world/ /2007/04/22/hello-world/;
/blog/backupninja/ /2010/12/24/backupninja/;
/blog/british-police-dont-know-difference-between-mp3-player-and-gun/ /2008/02/13/british-police-dont-know-difference-between-mp3-player-and-gun/;
/blog/ghost-in-the-shellcode-2014-radioactive/ /2014/01/19/ghost-in-the-shellcode-2014-radioactive/;
/blog/ghost-in-the-shellcode-2014-pillowtalk/ /2014/01/19/ghost-in-the-shellcode-2014-pillowtalk/;
/blog/coming-drupal-trends/ /2011/10/05/coming-drupal-trends/;
/blog/aol-prevents-use-of-shoutcast/ /2010/06/24/aol-prevents-use-of-shoutcast/;
/blog/axis-ip-cameras-fail/ /2010/02/21/axis-ip-cameras-fail/;
/blog/playing-with-the-patriot-gauntlet-node-part-1/ /2013/02/05/playing-with-the-patriot-gauntlet-node-part-1/;
/blog/google-suffocates-android-development-community/ /2009/09/26/google-suffocates-android-development-community/;
/blog/attack-of-the-cosmic-rays/ /2010/06/25/attack-of-the-cosmic-rays/;
/blog/mythbusters-yes-to-ubuntu-no-to-vista/ /2008/01/29/mythbusters-yes-to-ubuntu-no-to-vista/;
/blog/gutsy-is-coming/ /2007/10/09/gutsy-is-coming/;
/blog/breakin-ctf-2014/ /2014/01/13/breakin-ctf-2014/;
/blog/community-colocation-project/ /2007/05/18/community-colocation-project/;
/blog/workflowy-good-for-keeping-organized/ /2014/05/10/workflowy-good-for-keeping-organized/;
/blog/apology-to-the-loco/ /2011/01/12/apology-to-the-loco/;
/blog/announcement-pwnableweb-released/ /2014/05/09/announcement-pwnableweb-released/;
/blog/weekly-reading-list-for-21514/ /2014/02/15/weekly-reading-list-for-21514/;
/blog/using-an-ssh-connection-to-provide-remote-support-part-i/ /2011/09/20/using-an-ssh-connection-to-provide-remote-support-part-i/;
/blog/whos-screwed-up-worst/ /2010/06/27/whos-screwed-up-worst/;
/blog/secuinside-quals-2014-simple-login/ /2014/06/04/secuinside-quals-2014-simple-login/;
/blog/lying-to-google-aka-seo/ /2011/09/23/lying-to-google-aka-seo/;
/blog/comcasts-torrent-filtering-criminal-acts/ /2007/09/04/comcasts-torrent-filtering-criminal-acts/;
/blog/so-is-windows-10-spying-on-you/ /2015/08/16/so-is-windows-10-spying-on-you/;
/blog/how-the-ubuntudell-deal-will-impact-the-market/ /2007/05/08/how-the-ubuntudell-deal-will-impact-the-market/;
/blog/weekly-reading-list-for-12514/ /2014/01/25/weekly-reading-list-for-12514/;
/blog/lessons-from-the-nebula/ /2013/03/24/lessons-from-the-nebula/;
/blog/dangers-of-decorator-based-registries-in-python/ /2014/10/26/dangers-of-decorator-based-registries-in-python/;
/blog/the-end-of-a-chapter/ /2012/02/16/the-end-of-a-chapter/;
/blog/vpsnet-review/ /2011/11/01/vpsnet-review/;
/blog/michael-dell-runs-linux/ /2007/04/29/michael-dell-runs-linux/;
/blog/twitter-banned-from-misleading-consumers-for-20-years/ /2010/06/25/twitter-banned-from-misleading-consumers-for-20-years/;
/blog/social-engineering-the-art-of-human-hacking/ /2012/12/02/social-engineering-the-art-of-human-hacking/;
/blog/battery-disappeared/ /2007/04/28/battery-disappeared/;
/blog/openwrt-on-wrt54gl/ /2007/04/26/openwrt-on-wrt54gl/;
/blog/move-back-to-wordpress/ /2009/09/26/move-back-to-wordpress/;
/blog/embedded-linux-primer-a-review/ /2007/05/20/embedded-linux-primer-a-review/;
/blog/drupalcon-2011-keynote-by-dries/ /2011/03/09/drupalcon-2011-keynote-by-dries/;
/blog/what-civil-liberties-do-we-have-left/ /2008/07/10/what-civil-liberties-do-we-have-left/;
/blog/ld_preload-for-binary-analysis/ /2014/01/13/ld_preload-for-binary-analysis/;
/blog/ksu-cyber-security-awareness-day-2011/ /2011/10/26/ksu-cyber-security-awareness-day-2011/;
/blog/book-review-red-team-field-manual/ /2014/05/02/book-review-red-team-field-manual/;
/blog/ubuntu-server-features-that-need-better-integration/ /2010/07/08/ubuntu-server-features-that-need-better-integration/;
/blog/setting-up-kali-linux/ /2013/07/26/setting-up-kali-linux/;
/blog/recruiters/ /2011/12/13/recruiters/;
/blog/self-initial-impressions/ /2009/06/13/self-initial-impressions/;
/blog/fcc-comments-on-network-neutrality/ /2008/01/17/fcc-comments-on-network-neutrality/;
/blog/ubuntu-women-leadership-candidates/ /2010/01/08/ubuntu-women-leadership-candidates/;
/blog/csaw-quals-2015-sharpturn-aka-forensics-400/ /2015/09/21/csaw-quals-2015-sharpturn-aka-forensics-400/;
/blog/big-picture-problems/ /2010/09/12/big-picture-problems/;
/blog/def-con-22-ctf-quals-3dttt/ /2014/05/21/def-con-22-ctf-quals-3dttt/;
/blog/migrating-an-access-database-to-mysql/ /2011/09/21/migrating-an-access-database-to-mysql/;
/blog/merry-christmas-and-thank-you/ /2010/12/25/merry-christmas-and-thank-you/;
/blog/the-importance-of-verifiable-security/ /2011/01/26/the-importance-of-verifiable-security/;
/blog/what-the-lastpass-cli-tells-us-about-lastpass-design/ /2015/09/16/what-the-lastpass-cli-tells-us-about-lastpass-design/;
/blog/integer-overflow-vulnerabilities/ /2014/02/27/integer-overflow-vulnerabilities/;
/blog/ubuntu-gutsy-gibbon-tribe-4/ /2007/08/15/ubuntu-gutsy-gibbon-tribe-4/;
/blog/gutsy-is-here/ /2007/10/18/gutsy-is-here/;
/blog/alf-2008-ssh-gpg-part-1-openssh/ /2008/09/21/alf-2008-ssh-gpg-part-1-openssh/;
/blog/automatically-creating-archives-from-git-tags/ /2011/07/16/automatically-creating-archives-from-git-tags/;
/blog/booting-raw-partitions-in-virtualbox-with-grub2/ /2013/04/04/booting-raw-partitions-in-virtualbox-with-grub2/;
/blog/gnupg-the-what-and-the-why-for-me-anyway/ /2011/02/28/gnupg-the-what-and-the-why-for-me-anyway/;
/blog/plaidctf-2014-reekeeeee/ /2014/04/14/plaidctf-2014-reekeeeee/;
/blog/reading-list-for-592014/ /2014/05/09/reading-list-for-592014/;
/blog/customizing-built-in-strings-in-drupal/ /2011/09/29/customizing-built-in-strings-in-drupal/;
/blog/officemax-cancels-orders-due-to-typographical-error/ /2009/09/29/officemax-cancels-orders-due-to-typographical-error/;
/blog/cve-2014-4182-cve-2014-4183-xss-xsrf-in-wordpress-diagnostic-tool-plugin/ /2014/07/04/cve-2014-4182-cve-2014-4183-xss-xsrf-in-wordpress-diagnostic-tool-plugin/;
/blog/self-community-based-technology-centers/ /2009/06/13/self-community-based-technology-centers/;
/blog/linux-forecast/ /2007/08/16/linux-forecast/;
/blog/passing-android-traffic-through-burp/ /2014/07/13/passing-android-traffic-through-burp/;
/blog/life-changes/ /2009/02/22/life-changes/;
/blog/weekly-reading-list-for-52314/ /2014/05/23/weekly-reading-list-for-52314/;
/blog/boston-key-party-mitm/ /2013/06/10/boston-key-party-mitm/;
/blog/minimal-x86-64-shellcode-for-binsh/ /2014/06/05/minimal-x86-64-shellcode-for-binsh/;
/blog/broadcom-does-the-right-thing/ /2010/09/10/broadcom-does-the-right-thing/;
/blog/ghost-in-the-shellcode-2014-lugkist/ /2014/01/19/ghost-in-the-shellcode-2014-lugkist/;
/blog/windows-guy-tries-ubuntu-704-part-deux/ /2007/08/02/windows-guy-tries-ubuntu-704-part-deux/;
/blog/mitm-on-kvm-guests/ /2012/11/11/mitm-on-kvm-guests/;
/blog/blue-team-players-guide-for-pros-vs-joes-ctf/ /2015/08/15/blue-team-players-guide-for-pros-vs-joes-ctf/;
/blog/parameter-injection-in-jcryption/ /2014/06/18/parameter-injection-in-jcryption/;
/blog/ssh-across-a-layer-7-filter/ /2011/02/19/ssh-across-a-layer-7-filter/;
/blog/thoughts-on-nsa-surveillance/ /2013/09/06/thoughts-on-nsa-surveillance/;
/blog/learn-regular-expressions-seriously/ /2011/01/15/learn-regular-expressions-seriously/;
/blog/drupalcon-2011-introduction-to-module-development/ /2011/03/10/drupalcon-2011-introduction-to-module-development/;
/blog/a-career-plan/ /2011/11/07/a-career-plan/;
/blog/ip-holding-firms-the-real-threat/ /2007/05/21/ip-holding-firms-the-real-threat/;
/blog/pirated-software-a-problem-for-free-software/ /2007/08/16/pirated-software-a-problem-for-free-software/;
/blog/the-machine-inside-the-machine/ /2014/05/13/the-machine-inside-the-machine/;
/blog/avenue-q/ /2011/06/19/avenue-q/;
/blog/firefox-extensions/ /2010/11/30/firefox-extensions/;
/blog/password-generating-webpages/ /2011/03/03/password-generating-webpages/;
/blog/cross-platform-photo-tagger/ /2008/09/11/cross-platform-photo-tagger/;
/blog/book-review-the-hacker-playbook/ /2014/05/21/book-review-the-hacker-playbook/;
/blog/martian-packet-messages/ /2011/11/06/martian-packet-messages/;
/blog/working-21-hours-i-love-this/ /2010/12/19/working-21-hours-i-love-this/;
/blog/why-windows-vista-content-protection-well-sucks/ /2008/01/04/why-windows-vista-content-protection-well-sucks/;
/blog/2-weeks-at-google/ /2012/03/12/2-weeks-at-google/;
/blog/2007-san-francisco-linuxworld-expo/ /2007/08/10/2007-san-francisco-linuxworld-expo/;
/blog/announcing-netstatui-a-pygtk-interface-for-network-statistics/ /2011/01/22/announcing-netstatui-a-pygtk-interface-for-network-statistics/;
/blog/3-things-in-linux-you-should-not-install/ /2007/05/21/3-things-in-linux-you-should-not-install/;
/blog/ooxml-debacle/ /2008/10/09/ooxml-debacle/;
/blog/rhce/ /2009/12/07/rhce/;
/blog/ghost-in-the-shellcode-2014/ /2014/01/21/ghost-in-the-shellcode-2014/;
/blog/a-wall-socket-or-a-computer/ /2007/07/17/a-wall-socket-or-a-computer/;
/blog/free-it-atlanta/ /2009/10/06/free-it-atlanta/;
/blog/details-on-dells-linux-rollout/ /2007/05/22/details-on-dells-linux-rollout/;
/blog/automatic-ppa-key-installation/ /2009/06/07/automatic-ppa-key-installation/;
/blog/running-as-root-its-really-not-okay/ /2007/08/14/running-as-root-its-really-not-okay/;
/blog/offensive-security-certified-professional/ /2015/12/29/offensive-security-certified-professional/;
/blog/linux-driver-development-bears-fruit/ /2007/05/23/linux-driver-development-bears-fruit/;
/blog/bsides-sf-ctf-by-mad-security-conclusion/ /2013/03/06/bsides-sf-ctf-by-mad-security-conclusion/;
/blog/derbycon-ctf/ /2013/09/29/derbycon-ctf/;
/blog/my-life-in-big-bang-theory/ /2011/02/06/my-life-in-big-bang-theory/;
/blog/sexism-in-the-floss-community/ /2009/10/06/sexism-in-the-floss-community/;
/blog/printf-format-string-exploitation/ /2014/02/12/printf-format-string-exploitation/;
/blog/wordpress-and-apc-313p1/ /2011/01/14/wordpress-and-apc-313p1/;
/blog/i-have-the-coolest-wife/ /2011/10/01/i-have-the-coolest-wife/;
/blog/git-on-your-web-server-a-security-reminder/ /2011/08/31/git-on-your-web-server-a-security-reminder/;
/blog/kubuntu-issues/ /2008/10/09/kubuntu-issues/;
/blog/apcstat0-and-updating-software/ /2011/02/08/apcstat0-and-updating-software/;
/blog/insulting-microsoft-why-were-just-insulting-ourselves/ /2008/01/14/insulting-microsoft-why-were-just-insulting-ourselves/;
/blog/secuinside-quals-2014-shellcode-100/ /2014/06/02/secuinside-quals-2014-shellcode-100/;
/blog/back-in-action/ /2010/11/18/back-in-action/;
/blog/drupalcon-2011-code-driven-development-using-features-effectively/ /2011/03/07/drupalcon-2011-code-driven-development-using-features-effectively/;
/blog/ctf-practice/ /2013/09/08/ctf-practice/;
/blog/boost-rss-feeds-and-google-reader/ /2011/09/19/boost-rss-feeds-and-google-reader/;
/blog/dd-wrt-licensing-issues/ /2007/04/24/dd-wrt-licensing-issues/;
/blog/getting-started-in-ctfs/ /2014/09/14/getting-started-in-ctfs/;
/blog/bsides-sf-ctf-by-mad-security-part-2/ /2013/03/03/bsides-sf-ctf-by-mad-security-part-2/;
/blog/circuit-city-incompetence-or-negligance/ /2007/05/05/circuit-city-incompetence-or-negligance/;
/blog/depth-of-knowledge-vs-breadth-of-knowledge/ /2009/10/05/depth-of-knowledge-vs-breadth-of-knowledge/;
/blog/boston-key-party-mind-your-ps-and-qs/ /2014/03/10/boston-key-party-mind-your-ps-and-qs/;
/blog/microsoft-employee-switches-to-linux/ /2007/04/30/microsoft-employee-switches-to-linux/;
/blog/managing-drupal-with-git/ /2011/08/04/managing-drupal-with-git/;
/blog/january-loco-f2f-success/ /2008/01/13/january-loco-f2f-success/;
/blog/bsides-sf-ctf-by-mad-security-part-1/ /2013/03/02/bsides-sf-ctf-by-mad-security-part-1/;
/blog/linux-on-dells-sales-start-today/ /2007/05/24/linux-on-dells-sales-start-today/;
/blog/my-favorite-web-comics/ /2010/08/02/my-favorite-web-comics/;
/blog/microsoft-is-not-litigating/ /2007/05/15/microsoft-is-not-litigating/;
/blog/codegate-2014-quals-120/ /2014/02/26/codegate-2014-quals-120/;
/blog/lack-of-updates-turning-30/ /2015/05/10/lack-of-updates-turning-30/;
/blog/mozilla-firefox-eula/ /2008/09/16/mozilla-firefox-eula/;
/blog/coica-the-great-firewall-of-america/ /2010/09/29/coica-the-great-firewall-of-america/;
/blog/the-expectations-of-new-users-of-foss/ /2010/06/03/the-expectations-of-new-users-of-foss/;
/blog/weekly-reading-list-for-8214/ /2014/08/03/weekly-reading-list-for-8214/;
/blog/is-25-old/ /2011/01/19/is-25-old/;
/blog/def-con-22-ctf-quals-hackertool/ /2014/05/19/def-con-22-ctf-quals-hackertool/;
/blog/ubuntu-membership/ /2010/05/02/ubuntu-membership/;
/blog/canonical-store-issues/ /2010/07/05/canonical-store-issues/;
/blog/software-patent-trolls-should-die/ /2011/05/27/software-patent-trolls-should-die/;
/blog/vps-upgrade/ /2014/04/23/vps-upgrade/;
/blog/bloggers-and-security/ /2007/05/24/bloggers-and-security/;
/blog/welcome-to-nginx/ /2011/01/23/welcome-to-nginx/;
/blog/my-time-at-ksu/ /2012/02/03/my-time-at-ksu/;
/blog/self-dmca-and-copyright-law/ /2009/06/13/self-dmca-and-copyright-law/;
/blog/needing-more-focus/ /2010/06/20/needing-more-focus/;
/blog/the-us-day-of-rage/ /2011/09/27/the-us-day-of-rage/;
/blog/file-system-organization/ /2008/10/08/file-system-organization/;
/blog/the-apple-silo-in-education/ /2010/08/12/the-apple-silo-in-education/;
/blog/weekly-reading-list-for-11714/ /2014/01/18/weekly-reading-list-for-11714/;
/blog/where-my-goals-lie/ /2011/09/15/where-my-goals-lie/;
/blog/why-the-risk-of-running-as-root-is-overblown/ /2010/07/31/why-the-risk-of-running-as-root-is-overblown/;
/blog/things-i-wish-undergrad-had-taught-me/ /2011/10/24/things-i-wish-undergrad-had-taught-me/;
/blog/aol-and-kazaa-to-blame-for-file-sharing/ /2007/08/17/aol-and-kazaa-to-blame-for-file-sharing/;
/blog/homeland-by-cory-doctorow/ /2013/02/06/homeland-by-cory-doctorow/;
/blog/plaidctf-compression/ /2013/04/30/plaidctf-compression/;
/blog/wikkawiki-my-new-pim/ /2010/12/21/wikkawiki-my-new-pim/;
/blog/getting-started-in-information-security/ /2014/09/13/getting-started-in-information-security/;
/blog/southeast-linuxfest-2011/ /2011/06/13/southeast-linuxfest-2011/;
/blog/net-neutrality-why-it-matters/ /2011/01/13/net-neutrality-why-it-matters/;
/blog/binary-heaps-are-slow/ /2010/06/16/binary-heaps-are-slow/;
/blog/secuinside-quals-2014-javascript-jail/ /2014/06/02/secuinside-quals-2014-javascript-jail/;
/blog/self-vendor-booths-and-bof-gpg/ /2009/06/13/self-vendor-booths-and-bof-gpg/;
/blog/big-changes/ /2012/01/05/big-changes/;
/blog/what-happens-when-your-credit-card-is-out-of-your-sight/ /2011/02/14/what-happens-when-your-credit-card-is-out-of-your-sight/;
/blog/psa-typos-in-mkfs-commands-are-painful/ /2014/10/20/psa-typos-in-mkfs-commands-are-painful/;
/blog/plaidctf-mtpox/ /2014/04/14/plaidctf-mtpox/;
/blog/memo-to-self-when-moving-databases/ /2011/03/05/memo-to-self-when-moving-databases/;
/blog/linux-and-software-patents/ /2007/05/14/linux-and-software-patents/;
/blog/hacker-summer-camp-2015-bsides-lv-pros-vs-joes-ctf/ /2015/08/12/hacker-summer-camp-2015-bsides-lv-pros-vs-joes-ctf/;
/blog/the-segmentation-fault-occurred-where/ /2012/11/19/the-segmentation-fault-occurred-where/;
/blog/why-i-will-never-be-a-verizon-customer/ /2010/09/11/why-i-will-never-be-a-verizon-customer/;
/blog/plaidctf-2014-conclusion/ /2014/04/14/plaidctf-2014-conclusion/;
/blog/virtually-setting-up-a-test-lab-part-1/ /2011/10/31/virtually-setting-up-a-test-lab-part-1/;
/blog/bsides-sf-ctf-by-mad-security-part-3/ /2013/03/03/bsides-sf-ctf-by-mad-security-part-3/;
/blog/what-i-learned-from-steve-jobs/ /2011/10/06/what-i-learned-from-steve-jobs/;
/blog/a-brief-history-of-the-internet-security-wise/ /2014/04/16/a-brief-history-of-the-internet-security-wise/;
/blog/on-the-truecrypt-saga/ /2014/05/30/on-the-truecrypt-saga/;
/blog/welcome-back-to-drupal/ /2011/03/23/welcome-back-to-drupal/;
/blog/aol-8-character-passwords/ /2007/05/07/aol-8-character-passwords/;
/blog/a-linux-conference-in-atlanta/ /2007/12/31/a-linux-conference-in-atlanta/;
/blog/why-the-aacs-key-is-not-about-piracy/ /2007/05/08/why-the-aacs-key-is-not-about-piracy/;
/blog/linux-gaming/ /2007/08/02/linux-gaming/;
/blog/major-sites-that-a-tiered-internet-would-have-killed/ /2011/01/24/major-sites-that-a-tiered-internet-would-have-killed/;
/blog/bozeman-montana-uses-the-constitution-for-toilet-paper/ /2009/06/19/bozeman-montana-uses-the-constitution-for-toilet-paper/;
/blog/curing-boredom/ /2008/01/09/curing-boredom/;
/blog/a-case-of-the-mondays/ /2008/02/04/a-case-of-the-mondays/;
/blog/using-ubuntu-to-save-at-risk-youth/ /2010/08/13/using-ubuntu-to-save-at-risk-youth/;
/blog/playing-with-the-patriot-gauntlet-node-part-2/ /2015/06/20/playing-with-the-patriot-gauntlet-node-part-2/;
/blog/1-os-2-servers-5-days/ /2010/11/18/1-os-2-servers-5-days/;
/blog/ipv6-on-my-linode-and-at-home/ /2011/01/21/ipv6-on-my-linode-and-at-home/;
/blog/weekly-reading-list-for-53014/ /2014/05/30/weekly-reading-list-for-53014/;
/blog/two-feisty-weeks/ /2007/04/25/two-feisty-weeks/;
/blog/ssh-and-gpg/ /2008/09/16/ssh-and-gpg/;
/blog/windows-vista-bsod/ /2007/08/22/windows-vista-bsod/;
/blog/cve-2014-5204-wordpress-nonce-issues/ /2014/09/10/cve-2014-5204-wordpress-nonce-issues/;
/blog/why-linuxquestionsorg/ /2007/05/12/why-linuxquestionsorg/;
/blog/aacs-drm/ /2007/05/04/aacs-drm/;
/blog/hacker-summer-camp-2015-def-con/ /2015/08/14/hacker-summer-camp-2015-def-con/;
/blog/drupalcon-2011/ /2011/03/07/drupalcon-2011/;
/blog/happy-valentines-day/ /2011/02/14/happy-valentines-day/;
/blog/2014-okrs/ /2014/01/05/2014-okrs/;
/blog/tablets-free-software-and-you/ /2011/09/23/tablets-free-software-and-you/;
/blog/website/ /2009/02/04/website/;
/blog/weekly-reading-list-for-2814/ /2014/02/08/weekly-reading-list-for-2814/;
/blog/alf-2009-a-success/ /2009/09/21/alf-2009-a-success/;
/blog/a-hard-lesson-learned/ /2011/10/17/a-hard-lesson-learned/;
/blog/ubuntu-officially-supported-by-dell/ /2007/05/01/ubuntu-officially-supported-by-dell/;
/blog/weekly-reading-list-for-51614/ /2014/05/16/weekly-reading-list-for-51614/;
/blog/security-not-a-binary-state/ /2014/09/05/security-not-a-binary-state/;
/blog/new-site/ /2009/05/16/new-site/;
/blog/review-the-art-of-community-jono-bacon/ /2009/10/06/review-the-art-of-community-jono-bacon/;
/blog/towards-a-better-password-manager/ /2014/10/31/towards-a-better-password-manager/;
/blog/iphone-lawsuit-what-are-they-thinking/ /2007/10/06/iphone-lawsuit-what-are-they-thinking/;
/blog/linode-rocks/ /2011/05/18/linode-rocks/;
/blog/linux-wins-at-ces/ /2008/01/10/linux-wins-at-ces/;
/blog/weekly-reading-list-for-3114/ /2014/04/04/weekly-reading-list-for-3114/;
/blog/storage-management/ /2007/05/02/storage-management/;
